[NO_PID]: ECPGdebug: set to 1
[NO_PID]: sqlca: code: 0, state: 00000
[NO_PID]: ECPGconnect: opening database ecpg1_regression on <DEFAULT> port <DEFAULT>  
[NO_PID]: sqlca: code: 0, state: 00000
[NO_PID]: ecpg_execute on line 81: query: set datestyle to iso; with 0 parameter(s) on connection regress1
[NO_PID]: sqlca: code: 0, state: 00000
[NO_PID]: ecpg_execute on line 81: using PQexec
[NO_PID]: sqlca: code: 0, state: 00000
[NO_PID]: ecpg_process_output on line 81: OK: SET
[NO_PID]: sqlca: code: 0, state: 00000
[NO_PID]: ecpg_execute on line 84: query: create table t1 ( id integer , t text , d1 numeric , d2 float8 , c char ( 10 ) , big bigint ); with 0 parameter(s) on connection regress1
[NO_PID]: sqlca: code: 0, state: 00000
[NO_PID]: ecpg_execute on line 84: using PQexec
[NO_PID]: sqlca: code: 0, state: 00000
[NO_PID]: ecpg_process_output on line 84: OK: CREATE TABLE
[NO_PID]: sqlca: code: 0, state: 00000
[NO_PID]: ecpg_execute on line 94: query: insert into t1 values ( 1 , 'a' , 1.0 , 1 , 'a' , 1111111111111111111 ) , ( 2 , null , null , null , null , null ) , ( 3 , 'c' , 0.0 , 3 , 'c' , 3333333333333333333 ) , ( 4 , 'd' , 'NaN' , 4 , 'd' , 4444444444444444444 ) , ( 5 , 'e' , 0.001234 , 5 , 'e' , 5555555555555555555 ); with 0 parameter(s) on connection regress1
[NO_PID]: sqlca: code: 0, state: 00000
[NO_PID]: ecpg_execute on line 94: using PQexec
[NO_PID]: sqlca: code: 0, state: 00000
[NO_PID]: ecpg_process_output on line 94: OK: INSERT 0 5
[NO_PID]: sqlca: code: 0, state: 00000
[NO_PID]: ECPGtrans on line 102: action "commit"; connection "regress1"
[NO_PID]: sqlca: code: 0, state: 00000
[NO_PID]: prepare_common on line 109: name st_id1; query: "SELECT * FROM t1"
[NO_PID]: sqlca: code: 0, state: 00000
[NO_PID]: ecpg_execute on line 115: query: declare mycur1 cursor for SELECT * FROM t1; with 0 parameter(s) on connection regress1
[NO_PID]: sqlca: code: 0, state: 00000
[NO_PID]: ecpg_execute on line 115: using PQexec
[NO_PID]: sqlca: code: 0, state: 00000
[NO_PID]: ecpg_process_output on line 115: OK: DECLARE CURSOR
[NO_PID]: sqlca: code: 0, state: 00000
[NO_PID]: ecpg_execute on line 123: query: fetch 1 from mycur1; with 0 parameter(s) on connection regress1
[NO_PID]: sqlca: code: 0, state: 00000
[NO_PID]: ecpg_execute on line 123: using PQexec
[NO_PID]: sqlca: code: 0, state: 00000
[NO_PID]: ecpg_process_output on line 123: correctly got 1 tuples with 6 fields
[NO_PID]: sqlca: code: 0, state: 00000
[NO_PID]: ecpg_build_native_sqlda on line 123 sqld = 6
[NO_PID]: sqlca: code: 0, state: 00000
[NO_PID]: ecpg_process_output on line 123: new sqlda was built
[NO_PID]: sqlca: code: 0, state: 00000
[NO_PID]: ecpg_set_native_sqlda on line 123 row 0 col 0 IS NOT NULL
[NO_PID]: sqlca: code: 0, state: 00000
[NO_PID]: ecpg_get_data on line 123: RESULT: 1 offset: -1; array: no
[NO_PID]: sqlca: code: 0, state: 00000
[NO_PID]: ecpg_set_native_sqlda on line 123 row 0 col 1 IS NOT NULL
[NO_PID]: sqlca: code: 0, state: 00000
[NO_PID]: ecpg_get_data on line 123: RESULT: a offset: -1; array: no
[NO_PID]: sqlca: code: 0, state: 00000
[NO_PID]: ecpg_set_native_sqlda on line 123 row 0 col 2 IS NOT NULL
[NO_PID]: sqlca: code: 0, state: 00000
[NO_PID]: ecpg_set_native_sqlda on line 123 row 0 col 3 IS NOT NULL
[NO_PID]: sqlca: code: 0, state: 00000
[NO_PID]: ecpg_get_data on line 123: RESULT: 1 offset: -1; array: no
[NO_PID]: sqlca: code: 0, state: 00000
[NO_PID]: ecpg_set_native_sqlda on line 123 row 0 col 4 IS NOT NULL
[NO_PID]: sqlca: code: 0, state: 00000
[NO_PID]: ecpg_get_data on line 123: RESULT: a          offset: -1; array: no
[NO_PID]: sqlca: code: 0, state: 00000
[NO_PID]: ecpg_set_native_sqlda on line 123 row 0 col 5 IS NOT NULL
[NO_PID]: sqlca: code: 0, state: 00000
[NO_PID]: ecpg_get_data on line 123: RESULT: 1111111111111111111 offset: -1; array: no
[NO_PID]: sqlca: code: 0, state: 00000
[NO_PID]: ecpg_process_output on line 123: putting result (1 tuple 6 fields) into sqlda descriptor
[NO_PID]: sqlca: code: 0, state: 00000
[NO_PID]: ecpg_execute on line 123: query: fetch 1 from mycur1; with 0 parameter(s) on connection regress1
[NO_PID]: sqlca: code: 0, state: 00000
[NO_PID]: ecpg_execute on line 123: using PQexec
[NO_PID]: sqlca: code: 0, state: 00000
[NO_PID]: ecpg_process_output on line 123: correctly got 1 tuples with 6 fields
[NO_PID]: sqlca: code: 0, state: 00000
[NO_PID]: ecpg_build_native_sqlda on line 123 sqld = 6
[NO_PID]: sqlca: code: 0, state: 00000
[NO_PID]: ecpg_process_output on line 123: new sqlda was built
[NO_PID]: sqlca: code: 0, state: 00000
[NO_PID]: ecpg_set_native_sqlda on line 123 row 0 col 0 IS NOT NULL
[NO_PID]: sqlca: code: 0, state: 00000
[NO_PID]: ecpg_get_data on line 123: RESULT: 2 offset: -1; array: no
[NO_PID]: sqlca: code: 0, state: 00000
[NO_PID]: ecpg_set_native_sqlda on line 123 row 0 col 1 IS NULL
[NO_PID]: sqlca: code: 0, state: 00000
[NO_PID]: ecpg_set_native_sqlda on line 123 row 0 col 2 IS NULL
[NO_PID]: sqlca: code: 0, state: 00000
[NO_PID]: ecpg_set_native_sqlda on line 123 row 0 col 3 IS NULL
[NO_PID]: sqlca: code: 0, state: 00000
[NO_PID]: ecpg_set_native_sqlda on line 123 row 0 col 4 IS NULL
[NO_PID]: sqlca: code: 0, state: 00000
[NO_PID]: ecpg_set_native_sqlda on line 123 row 0 col 5 IS NULL
[NO_PID]: sqlca: code: 0, state: 00000
[NO_PID]: ecpg_process_output on line 123: putting result (1 tuple 6 fields) into sqlda descriptor
[NO_PID]: sqlca: code: 0, state: 00000
[NO_PID]: ecpg_execute on line 123: query: fetch 1 from mycur1; with 0 parameter(s) on connection regress1
[NO_PID]: sqlca: code: 0, state: 00000
[NO_PID]: ecpg_execute on line 123: using PQexec
[NO_PID]: sqlca: code: 0, state: 00000
[NO_PID]: ecpg_process_output on line 123: correctly got 1 tuples with 6 fields
[NO_PID]: sqlca: code: 0, state: 00000
[NO_PID]: ecpg_build_native_sqlda on line 123 sqld = 6
[NO_PID]: sqlca: code: 0, state: 00000
[NO_PID]: ecpg_process_output on line 123: new sqlda was built
[NO_PID]: sqlca: code: 0, state: 00000
[NO_PID]: ecpg_set_native_sqlda on line 123 row 0 col 0 IS NOT NULL
[NO_PID]: sqlca: code: 0, state: 00000
[NO_PID]: ecpg_get_data on line 123: RESULT: 3 offset: -1; array: no
[NO_PID]: sqlca: code: 0, state: 00000
[NO_PID]: ecpg_set_native_sqlda on line 123 row 0 col 1 IS NOT NULL
[NO_PID]: sqlca: code: 0, state: 00000
[NO_PID]: ecpg_get_data on line 123: RESULT: c offset: -1; array: no
[NO_PID]: sqlca: code: 0, state: 00000
[NO_PID]: ecpg_set_native_sqlda on line 123 row 0 col 2 IS NOT NULL
[NO_PID]: sqlca: code: 0, state: 00000
[NO_PID]: ecpg_set_native_sqlda on line 123 row 0 col 3 IS NOT NULL
[NO_PID]: sqlca: code: 0, state: 00000
[NO_PID]: ecpg_get_data on line 123: RESULT: 3 offset: -1; array: no
[NO_PID]: sqlca: code: 0, state: 00000
[NO_PID]: ecpg_set_native_sqlda on line 123 row 0 col 4 IS NOT NULL
[NO_PID]: sqlca: code: 0, state: 00000
[NO_PID]: ecpg_get_data on line 123: RESULT: c          offset: -1; array: no
[NO_PID]: sqlca: code: 0, state: 00000
[NO_PID]: ecpg_set_native_sqlda on line 123 row 0 col 5 IS NOT NULL
[NO_PID]: sqlca: code: 0, state: 00000
[NO_PID]: ecpg_get_data on line 123: RESULT: 3333333333333333333 offset: -1; array: no
[NO_PID]: sqlca: code: 0, state: 00000
[NO_PID]: ecpg_process_output on line 123: putting result (1 tuple 6 fields) into sqlda descriptor
[NO_PID]: sqlca: code: 0, state: 00000
[NO_PID]: ecpg_execute on line 123: query: fetch 1 from mycur1; with 0 parameter(s) on connection regress1
[NO_PID]: sqlca: code: 0, state: 00000
[NO_PID]: ecpg_execute on line 123: using PQexec
[NO_PID]: sqlca: code: 0, state: 00000
[NO_PID]: ecpg_process_output on line 123: correctly got 1 tuples with 6 fields
[NO_PID]: sqlca: code: 0, state: 00000
[NO_PID]: ecpg_build_native_sqlda on line 123 sqld = 6
[NO_PID]: sqlca: code: 0, state: 00000
[NO_PID]: ecpg_process_output on line 123: new sqlda was built
[NO_PID]: sqlca: code: 0, state: 00000
[NO_PID]: ecpg_set_native_sqlda on line 123 row 0 col 0 IS NOT NULL
[NO_PID]: sqlca: code: 0, state: 00000
[NO_PID]: ecpg_get_data on line 123: RESULT: 4 offset: -1; array: no
[NO_PID]: sqlca: code: 0, state: 00000
[NO_PID]: ecpg_set_native_sqlda on line 123 row 0 col 1 IS NOT NULL
[NO_PID]: sqlca: code: 0, state: 00000
[NO_PID]: ecpg_get_data on line 123: RESULT: d offset: -1; array: no
[NO_PID]: sqlca: code: 0, state: 00000
[NO_PID]: ecpg_set_native_sqlda on line 123 row 0 col 2 IS NOT NULL
[NO_PID]: sqlca: code: 0, state: 00000
[NO_PID]: ecpg_set_native_sqlda on line 123 row 0 col 3 IS NOT NULL
[NO_PID]: sqlca: code: 0, state: 00000
[NO_PID]: ecpg_get_data on line 123: RESULT: 4 offset: -1; array: no
[NO_PID]: sqlca: code: 0, state: 00000
[NO_PID]: ecpg_set_native_sqlda on line 123 row 0 col 4 IS NOT NULL
[NO_PID]: sqlca: code: 0, state: 00000
[NO_PID]: ecpg_get_data on line 123: RESULT: d          offset: -1; array: no
[NO_PID]: sqlca: code: 0, state: 00000
[NO_PID]: ecpg_set_native_sqlda on line 123 row 0 col 5 IS NOT NULL
[NO_PID]: sqlca: code: 0, state: 00000
[NO_PID]: ecpg_get_data on line 123: RESULT: 4444444444444444444 offset: -1; array: no
[NO_PID]: sqlca: code: 0, state: 00000
[NO_PID]: ecpg_process_output on line 123: putting result (1 tuple 6 fields) into sqlda descriptor
[NO_PID]: sqlca: code: 0, state: 00000
[NO_PID]: ecpg_execute on line 123: query: fetch 1 from mycur1; with 0 parameter(s) on connection regress1
[NO_PID]: sqlca: code: 0, state: 00000
[NO_PID]: ecpg_execute on line 123: using PQexec
[NO_PID]: sqlca: code: 0, state: 00000
[NO_PID]: ecpg_process_output on line 123: correctly got 1 tuples with 6 fields
[NO_PID]: sqlca: code: 0, state: 00000
[NO_PID]: ecpg_build_native_sqlda on line 123 sqld = 6
[NO_PID]: sqlca: code: 0, state: 00000
[NO_PID]: ecpg_process_output on line 123: new sqlda was built
[NO_PID]: sqlca: code: 0, state: 00000
[NO_PID]: ecpg_set_native_sqlda on line 123 row 0 col 0 IS NOT NULL
[NO_PID]: sqlca: code: 0, state: 00000
[NO_PID]: ecpg_get_data on line 123: RESULT: 5 offset: -1; array: no
[NO_PID]: sqlca: code: 0, state: 00000
[NO_PID]: ecpg_set_native_sqlda on line 123 row 0 col 1 IS NOT NULL
[NO_PID]: sqlca: code: 0, state: 00000
[NO_PID]: ecpg_get_data on line 123: RESULT: e offset: -1; array: no
[NO_PID]: sqlca: code: 0, state: 00000
[NO_PID]: ecpg_set_native_sqlda on line 123 row 0 col 2 IS NOT NULL
[NO_PID]: sqlca: code: 0, state: 00000
[NO_PID]: ecpg_set_native_sqlda on line 123 row 0 col 3 IS NOT NULL
[NO_PID]: sqlca: code: 0, state: 00000
[NO_PID]: ecpg_get_data on line 123: RESULT: 5 offset: -1; array: no
[NO_PID]: sqlca: code: 0, state: 00000
[NO_PID]: ecpg_set_native_sqlda on line 123 row 0 col 4 IS NOT NULL
[NO_PID]: sqlca: code: 0, state: 00000
[NO_PID]: ecpg_get_data on line 123: RESULT: e          offset: -1; array: no
[NO_PID]: sqlca: code: 0, state: 00000
[NO_PID]: ecpg_set_native_sqlda on line 123 row 0 col 5 IS NOT NULL
[NO_PID]: sqlca: code: 0, state: 00000
[NO_PID]: ecpg_get_data on line 123: RESULT: 5555555555555555555 offset: -1; array: no
[NO_PID]: sqlca: code: 0, state: 00000
[NO_PID]: ecpg_process_output on line 123: putting result (1 tuple 6 fields) into sqlda descriptor
[NO_PID]: sqlca: code: 0, state: 00000
[NO_PID]: ecpg_execute on line 123: query: fetch 1 from mycur1; with 0 parameter(s) on connection regress1
[NO_PID]: sqlca: code: 0, state: 00000
[NO_PID]: ecpg_execute on line 123: using PQexec
[NO_PID]: sqlca: code: 0, state: 00000
[NO_PID]: ecpg_process_output on line 123: correctly got 0 tuples with 6 fields
[NO_PID]: sqlca: code: 0, state: 00000
[NO_PID]: raising sqlcode 100 on line 123: no data found on line 123
[NO_PID]: sqlca: code: 100, state: 02000
[NO_PID]: ecpg_execute on line 132: query: close mycur1; with 0 parameter(s) on connection regress1
[NO_PID]: sqlca: code: 0, state: 00000
[NO_PID]: ecpg_execute on line 132: using PQexec
[NO_PID]: sqlca: code: 0, state: 00000
[NO_PID]: ecpg_process_output on line 132: OK: CLOSE CURSOR
[NO_PID]: sqlca: code: 0, state: 00000
[NO_PID]: deallocate_one on line 135: name st_id1
[NO_PID]: sqlca: code: 0, state: 00000
[NO_PID]: prepare_common on line 144: name st_id2; query: "SELECT * FROM t1"
[NO_PID]: sqlca: code: 0, state: 00000
[NO_PID]: ecpg_execute on line 150: query: declare mycur2 cursor for SELECT * FROM t1; with 0 parameter(s) on connection regress1
[NO_PID]: sqlca: code: 0, state: 00000
[NO_PID]: ecpg_execute on line 150: using PQexec
[NO_PID]: sqlca: code: 0, state: 00000
[NO_PID]: ecpg_process_output on line 150: OK: DECLARE CURSOR
[NO_PID]: sqlca: code: 0, state: 00000
[NO_PID]: ecpg_execute on line 153: query: fetch all from mycur2; with 0 parameter(s) on connection regress1
[NO_PID]: sqlca: code: 0, state: 00000
[NO_PID]: ecpg_execute on line 153: using PQexec
[NO_PID]: sqlca: code: 0, state: 00000
[NO_PID]: ecpg_process_output on line 153: correctly got 5 tuples with 6 fields
[NO_PID]: sqlca: code: 0, state: 00000
[NO_PID]: ecpg_build_native_sqlda on line 153 sqld = 6
[NO_PID]: sqlca: code: 0, state: 00000
[NO_PID]: ecpg_process_output on line 153: new sqlda was built
[NO_PID]: sqlca: code: 0, state: 00000
[NO_PID]: ecpg_set_native_sqlda on line 153 row 4 col 0 IS NOT NULL
[NO_PID]: sqlca: code: 0, state: 00000
[NO_PID]: ecpg_get_data on line 153: RESULT: 5 offset: -1; array: no
[NO_PID]: sqlca: code: 0, state: 00000
[NO_PID]: ecpg_set_native_sqlda on line 153 row 4 col 1 IS NOT NULL
[NO_PID]: sqlca: code: 0, state: 00000
[NO_PID]: ecpg_get_data on line 153: RESULT: e offset: -1; array: no
[NO_PID]: sqlca: code: 0, state: 00000
[NO_PID]: ecpg_set_native_sqlda on line 153 row 4 col 2 IS NOT NULL
[NO_PID]: sqlca: code: 0, state: 00000
[NO_PID]: ecpg_set_native_sqlda on line 153 row 4 col 3 IS NOT NULL
[NO_PID]: sqlca: code: 0, state: 00000
[NO_PID]: ecpg_get_data on line 153: RESULT: 5 offset: -1; array: no
[NO_PID]: sqlca: code: 0, state: 00000
[NO_PID]: ecpg_set_native_sqlda on line 153 row 4 col 4 IS NOT NULL
[NO_PID]: sqlca: code: 0, state: 00000
[NO_PID]: ecpg_get_data on line 153: RESULT: e          offset: -1; array: no
[NO_PID]: sqlca: code: 0, state: 00000
[NO_PID]: ecpg_set_native_sqlda on line 153 row 4 col 5 IS NOT NULL
[NO_PID]: sqlca: code: 0, state: 00000
[NO_PID]: ecpg_get_data on line 153: RESULT: 5555555555555555555 offset: -1; array: no
[NO_PID]: sqlca: code: 0, state: 00000
[NO_PID]: ecpg_process_output on line 153: putting result (1 tuple 6 fields) into sqlda descriptor
[NO_PID]: sqlca: code: 0, state: 00000
[NO_PID]: ecpg_build_native_sqlda on line 153 sqld = 6
[NO_PID]: sqlca: code: 0, state: 00000
[NO_PID]: ecpg_process_output on line 153: new sqlda was built
[NO_PID]: sqlca: code: 0, state: 00000
[NO_PID]: ecpg_set_native_sqlda on line 153 row 3 col 0 IS NOT NULL
[NO_PID]: sqlca: code: 0, state: 00000
[NO_PID]: ecpg_get_data on line 153: RESULT: 4 offset: -1; array: no
[NO_PID]: sqlca: code: 0, state: 00000
[NO_PID]: ecpg_set_native_sqlda on line 153 row 3 col 1 IS NOT NULL
[NO_PID]: sqlca: code: 0, state: 00000
[NO_PID]: ecpg_get_data on line 153: RESULT: d offset: -1; array: no
[NO_PID]: sqlca: code: 0, state: 00000
[NO_PID]: ecpg_set_native_sqlda on line 153 row 3 col 2 IS NOT NULL
[NO_PID]: sqlca: code: 0, state: 00000
[NO_PID]: ecpg_set_native_sqlda on line 153 row 3 col 3 IS NOT NULL
[NO_PID]: sqlca: code: 0, state: 00000
[NO_PID]: ecpg_get_data on line 153: RESULT: 4 offset: -1; array: no
[NO_PID]: sqlca: code: 0, state: 00000
[NO_PID]: ecpg_set_native_sqlda on line 153 row 3 col 4 IS NOT NULL
[NO_PID]: sqlca: code: 0, state: 00000
[NO_PID]: ecpg_get_data on line 153: RESULT: d          offset: -1; array: no
[NO_PID]: sqlca: code: 0, state: 00000
[NO_PID]: ecpg_set_native_sqlda on line 153 row 3 col 5 IS NOT NULL
[NO_PID]: sqlca: code: 0, state: 00000
[NO_PID]: ecpg_get_data on line 153: RESULT: 4444444444444444444 offset: -1; array: no
[NO_PID]: sqlca: code: 0, state: 00000
[NO_PID]: ecpg_process_output on line 153: putting result (1 tuple 6 fields) into sqlda descriptor
[NO_PID]: sqlca: code: 0, state: 00000
[NO_PID]: ecpg_build_native_sqlda on line 153 sqld = 6
[NO_PID]: sqlca: code: 0, state: 00000
[NO_PID]: ecpg_process_output on line 153: new sqlda was built
[NO_PID]: sqlca: code: 0, state: 00000
[NO_PID]: ecpg_set_native_sqlda on line 153 row 2 col 0 IS NOT NULL
[NO_PID]: sqlca: code: 0, state: 00000
[NO_PID]: ecpg_get_data on line 153: RESULT: 3 offset: -1; array: no
[NO_PID]: sqlca: code: 0, state: 00000
[NO_PID]: ecpg_set_native_sqlda on line 153 row 2 col 1 IS NOT NULL
[NO_PID]: sqlca: code: 0, state: 00000
[NO_PID]: ecpg_get_data on line 153: RESULT: c offset: -1; array: no
[NO_PID]: sqlca: code: 0, state: 00000
[NO_PID]: ecpg_set_native_sqlda on line 153 row 2 col 2 IS NOT NULL
[NO_PID]: sqlca: code: 0, state: 00000
[NO_PID]: ecpg_set_native_sqlda on line 153 row 2 col 3 IS NOT NULL
[NO_PID]: sqlca: code: 0, state: 00000
[NO_PID]: ecpg_get_data on line 153: RESULT: 3 offset: -1; array: no
[NO_PID]: sqlca: code: 0, state: 00000
[NO_PID]: ecpg_set_native_sqlda on line 153 row 2 col 4 IS NOT NULL
[NO_PID]: sqlca: code: 0, state: 00000
[NO_PID]: ecpg_get_data on line 153: RESULT: c          offset: -1; array: no
[NO_PID]: sqlca: code: 0, state: 00000
[NO_PID]: ecpg_set_native_sqlda on line 153 row 2 col 5 IS NOT NULL
[NO_PID]: sqlca: code: 0, state: 00000
[NO_PID]: ecpg_get_data on line 153: RESULT: 3333333333333333333 offset: -1; array: no
[NO_PID]: sqlca: code: 0, state: 00000
[NO_PID]: ecpg_process_output on line 153: putting result (1 tuple 6 fields) into sqlda descriptor
[NO_PID]: sqlca: code: 0, state: 00000
[NO_PID]: ecpg_build_native_sqlda on line 153 sqld = 6
[NO_PID]: sqlca: code: 0, state: 00000
[NO_PID]: ecpg_process_output on line 153: new sqlda was built
[NO_PID]: sqlca: code: 0, state: 00000
[NO_PID]: ecpg_set_native_sqlda on line 153 row 1 col 0 IS NOT NULL
[NO_PID]: sqlca: code: 0, state: 00000
[NO_PID]: ecpg_get_data on line 153: RESULT: 2 offset: -1; array: no
[NO_PID]: sqlca: code: 0, state: 00000
[NO_PID]: ecpg_set_native_sqlda on line 153 row 1 col 1 IS NULL
[NO_PID]: sqlca: code: 0, state: 00000
[NO_PID]: ecpg_set_native_sqlda on line 153 row 1 col 2 IS NULL
[NO_PID]: sqlca: code: 0, state: 00000
[NO_PID]: ecpg_set_native_sqlda on line 153 row 1 col 3 IS NULL
[NO_PID]: sqlca: code: 0, state: 00000
[NO_PID]: ecpg_set_native_sqlda on line 153 row 1 col 4 IS NULL
[NO_PID]: sqlca: code: 0, state: 00000
[NO_PID]: ecpg_set_native_sqlda on line 153 row 1 col 5 IS NULL
[NO_PID]: sqlca: code: 0, state: 00000
[NO_PID]: ecpg_process_output on line 153: putting result (1 tuple 6 fields) into sqlda descriptor
[NO_PID]: sqlca: code: 0, state: 00000
[NO_PID]: ecpg_build_native_sqlda on line 153 sqld = 6
[NO_PID]: sqlca: code: 0, state: 00000
[NO_PID]: ecpg_process_output on line 153: new sqlda was built
[NO_PID]: sqlca: code: 0, state: 00000
[NO_PID]: ecpg_set_native_sqlda on line 153 row 0 col 0 IS NOT NULL
[NO_PID]: sqlca: code: 0, state: 00000
[NO_PID]: ecpg_get_data on line 153: RESULT: 1 offset: -1; array: no
[NO_PID]: sqlca: code: 0, state: 00000
[NO_PID]: ecpg_set_native_sqlda on line 153 row 0 col 1 IS NOT NULL
[NO_PID]: sqlca: code: 0, state: 00000
[NO_PID]: ecpg_get_data on line 153: RESULT: a offset: -1; array: no
[NO_PID]: sqlca: code: 0, state: 00000
[NO_PID]: ecpg_set_native_sqlda on line 153 row 0 col 2 IS NOT NULL
[NO_PID]: sqlca: code: 0, state: 00000
[NO_PID]: ecpg_set_native_sqlda on line 153 row 0 col 3 IS NOT NULL
[NO_PID]: sqlca: code: 0, state: 00000
[NO_PID]: ecpg_get_data on line 153: RESULT: 1 offset: -1; array: no
[NO_PID]: sqlca: code: 0, state: 00000
[NO_PID]: ecpg_set_native_sqlda on line 153 row 0 col 4 IS NOT NULL
[NO_PID]: sqlca: code: 0, state: 00000
[NO_PID]: ecpg_get_data on line 153: RESULT: a          offset: -1; array: no
[NO_PID]: sqlca: code: 0, state: 00000
[NO_PID]: ecpg_set_native_sqlda on line 153 row 0 col 5 IS NOT NULL
[NO_PID]: sqlca: code: 0, state: 00000
[NO_PID]: ecpg_get_data on line 153: RESULT: 1111111111111111111 offset: -1; array: no
[NO_PID]: sqlca: code: 0, state: 00000
[NO_PID]: ecpg_process_output on line 153: putting result (1 tuple 6 fields) into sqlda descriptor
[NO_PID]: sqlca: code: 0, state: 00000
[NO_PID]: ecpg_execute on line 169: query: close mycur2; with 0 parameter(s) on connection regress1
[NO_PID]: sqlca: code: 0, state: 00000
[NO_PID]: ecpg_execute on line 169: using PQexec
[NO_PID]: sqlca: code: 0, state: 00000
[NO_PID]: ecpg_process_output on line 169: OK: CLOSE CURSOR
[NO_PID]: sqlca: code: 0, state: 00000
[NO_PID]: deallocate_one on line 172: name st_id2
[NO_PID]: sqlca: code: 0, state: 00000
[NO_PID]: prepare_common on line 194: name st_id3; query: "SELECT * FROM t1 WHERE id = $1"
[NO_PID]: sqlca: code: 0, state: 00000
[NO_PID]: ecpg_execute on line 197: query: SELECT * FROM t1 WHERE id = $1; with 1 parameter(s) on connection regress1
[NO_PID]: sqlca: code: 0, state: 00000
[NO_PID]: ecpg_execute on line 197: using PQexecPrepared for "SELECT * FROM t1 WHERE id = $1"
[NO_PID]: sqlca: code: 0, state: 00000
[NO_PID]: ecpg_free_params on line 197: parameter 1 = 4
[NO_PID]: sqlca: code: 0, state: 00000
[NO_PID]: ecpg_process_output on line 197: correctly got 1 tuples with 6 fields
[NO_PID]: sqlca: code: 0, state: 00000
[NO_PID]: ecpg_build_native_sqlda on line 197 sqld = 6
[NO_PID]: sqlca: code: 0, state: 00000
[NO_PID]: ecpg_process_output on line 197: new sqlda was built
[NO_PID]: sqlca: code: 0, state: 00000
[NO_PID]: ecpg_set_native_sqlda on line 197 row 0 col 0 IS NOT NULL
[NO_PID]: sqlca: code: 0, state: 00000
[NO_PID]: ecpg_get_data on line 197: RESULT: 4 offset: -1; array: no
[NO_PID]: sqlca: code: 0, state: 00000
[NO_PID]: ecpg_set_native_sqlda on line 197 row 0 col 1 IS NOT NULL
[NO_PID]: sqlca: code: 0, state: 00000
[NO_PID]: ecpg_get_data on line 197: RESULT: d offset: -1; array: no
[NO_PID]: sqlca: code: 0, state: 00000
[NO_PID]: ecpg_set_native_sqlda on line 197 row 0 col 2 IS NOT NULL
[NO_PID]: sqlca: code: 0, state: 00000
[NO_PID]: ecpg_set_native_sqlda on line 197 row 0 col 3 IS NOT NULL
[NO_PID]: sqlca: code: 0, state: 00000
[NO_PID]: ecpg_get_data on line 197: RESULT: 4 offset: -1; array: no
[NO_PID]: sqlca: code: 0, state: 00000
[NO_PID]: ecpg_set_native_sqlda on line 197 row 0 col 4 IS NOT NULL
[NO_PID]: sqlca: code: 0, state: 00000
[NO_PID]: ecpg_get_data on line 197: RESULT: d          offset: -1; array: no
[NO_PID]: sqlca: code: 0, state: 00000
[NO_PID]: ecpg_set_native_sqlda on line 197 row 0 col 5 IS NOT NULL
[NO_PID]: sqlca: code: 0, state: 00000
[NO_PID]: ecpg_get_data on line 197: RESULT: 4444444444444444444 offset: -1; array: no
[NO_PID]: sqlca: code: 0, state: 00000
[NO_PID]: ecpg_process_output on line 197: putting result (1 tuple 6 fields) into sqlda descriptor
[NO_PID]: sqlca: code: 0, state: 00000
[NO_PID]: deallocate_one on line 202: name st_id3
[NO_PID]: sqlca: code: 0, state: 00000
[NO_PID]: ECPGconnect: opening database ecpg1_regression on <DEFAULT> port <DEFAULT>  
[NO_PID]: sqlca: code: 0, state: 00000
[NO_PID]: prepare_common on line 231: name st_id4; query: "SELECT * FROM t1 WHERE id = $1"
[NO_PID]: sqlca: code: 0, state: 00000
[NO_PID]: ecpg_execute on line 234: query: SELECT * FROM t1 WHERE id = $1; with 1 parameter(s) on connection con2
[NO_PID]: sqlca: code: 0, state: 00000
[NO_PID]: ecpg_execute on line 234: using PQexecPrepared for "SELECT * FROM t1 WHERE id = $1"
[NO_PID]: sqlca: code: 0, state: 00000
[NO_PID]: ecpg_free_params on line 234: parameter 1 = 4
[NO_PID]: sqlca: code: 0, state: 00000
[NO_PID]: ecpg_process_output on line 234: correctly got 1 tuples with 6 fields
[NO_PID]: sqlca: code: 0, state: 00000
[NO_PID]: ecpg_build_native_sqlda on line 234 sqld = 6
[NO_PID]: sqlca: code: 0, state: 00000
[NO_PID]: ecpg_process_output on line 234: new sqlda was built
[NO_PID]: sqlca: code: 0, state: 00000
[NO_PID]: ecpg_set_native_sqlda on line 234 row 0 col 0 IS NOT NULL
[NO_PID]: sqlca: code: 0, state: 00000
[NO_PID]: ecpg_get_data on line 234: RESULT: 4 offset: -1; array: no
[NO_PID]: sqlca: code: 0, state: 00000
[NO_PID]: ecpg_set_native_sqlda on line 234 row 0 col 1 IS NOT NULL
[NO_PID]: sqlca: code: 0, state: 00000
[NO_PID]: ecpg_get_data on line 234: RESULT: d offset: -1; array: no
[NO_PID]: sqlca: code: 0, state: 00000
[NO_PID]: ecpg_set_native_sqlda on line 234 row 0 col 2 IS NOT NULL
[NO_PID]: sqlca: code: 0, state: 00000
[NO_PID]: ecpg_set_native_sqlda on line 234 row 0 col 3 IS NOT NULL
[NO_PID]: sqlca: code: 0, state: 00000
[NO_PID]: ecpg_get_data on line 234: RESULT: 4 offset: -1; array: no
[NO_PID]: sqlca: code: 0, state: 00000
[NO_PID]: ecpg_set_native_sqlda on line 234 row 0 col 4 IS NOT NULL
[NO_PID]: sqlca: code: 0, state: 00000
[NO_PID]: ecpg_get_data on line 234: RESULT: d          offset: -1; array: no
[NO_PID]: sqlca: code: 0, state: 00000
[NO_PID]: ecpg_set_native_sqlda on line 234 row 0 col 5 IS NOT NULL
[NO_PID]: sqlca: code: 0, state: 00000
[NO_PID]: ecpg_get_data on line 234: RESULT: 4444444444444444444 offset: -1; array: no
[NO_PID]: sqlca: code: 0, state: 00000
[NO_PID]: ecpg_process_output on line 234: putting result (1 tuple 6 fields) into sqlda descriptor
[NO_PID]: sqlca: code: 0, state: 00000
[NO_PID]: ECPGtrans on line 239: action "commit"; connection "con2"
[NO_PID]: sqlca: code: 0, state: 00000
[NO_PID]: deallocate_one on line 242: name st_id4
[NO_PID]: sqlca: code: 0, state: 00000
[NO_PID]: ecpg_finish: connection con2 closed
[NO_PID]: sqlca: code: 0, state: 00000
[NO_PID]: ecpg_execute on line 253: query: drop table t1; with 0 parameter(s) on connection regress1
[NO_PID]: sqlca: code: 0, state: 00000
[NO_PID]: ecpg_execute on line 253: using PQexec
[NO_PID]: sqlca: code: 0, state: 00000
[NO_PID]: ecpg_process_output on line 253: OK: DROP TABLE
[NO_PID]: sqlca: code: 0, state: 00000
[NO_PID]: ECPGtrans on line 256: action "commit"; connection "regress1"
[NO_PID]: sqlca: code: 0, state: 00000
[NO_PID]: ecpg_finish: connection regress1 closed
[NO_PID]: sqlca: code: 0, state: 00000
